------------------------------------------------------------
TimeQuest Timing Analyzer Summary
------------------------------------------------------------

Type  : Slow 1200mV 85C Model Setup 'EA.S1'
Slack : -1.963
TNS   : -3.709

Type  : Slow 1200mV 85C Model Setup 'clk'
Slack : -0.773
TNS   : -1.475

Type  : Slow 1200mV 85C Model Setup 'EA.S0'
Slack : -0.411
TNS   : -0.411

Type  : Slow 1200mV 85C Model Hold 'clk'
Slack : -0.952
TNS   : -1.152

Type  : Slow 1200mV 85C Model Hold 'EA.S1'
Slack : -0.557
TNS   : -0.557

Type  : Slow 1200mV 85C Model Hold 'EA.S0'
Slack : -0.367
TNS   : -0.367

Type  : Slow 1200mV 85C Model Minimum Pulse Width 'clk'
Slack : -3.000
TNS   : -10.710

Type  : Slow 1200mV 85C Model Minimum Pulse Width 'EA.S1'
Slack : 0.369
TNS   : 0.000

Type  : Slow 1200mV 85C Model Minimum Pulse Width 'EA.S0'
Slack : 0.416
TNS   : 0.000

Type  : Slow 1200mV 0C Model Setup 'EA.S1'
Slack : -1.718
TNS   : -3.317

Type  : Slow 1200mV 0C Model Setup 'clk'
Slack : -0.585
TNS   : -1.023

Type  : Slow 1200mV 0C Model Setup 'EA.S0'
Slack : -0.319
TNS   : -0.319

Type  : Slow 1200mV 0C Model Hold 'clk'
Slack : -0.924
TNS   : -1.137

Type  : Slow 1200mV 0C Model Hold 'EA.S1'
Slack : -0.505
TNS   : -0.505

Type  : Slow 1200mV 0C Model Hold 'EA.S0'
Slack : -0.320
TNS   : -0.320

Type  : Slow 1200mV 0C Model Minimum Pulse Width 'clk'
Slack : -3.000
TNS   : -10.710

Type  : Slow 1200mV 0C Model Minimum Pulse Width 'EA.S1'
Slack : 0.406
TNS   : 0.000

Type  : Slow 1200mV 0C Model Minimum Pulse Width 'EA.S0'
Slack : 0.431
TNS   : 0.000

Type  : Fast 1200mV 0C Model Setup 'EA.S1'
Slack : -0.527
TNS   : -1.034

Type  : Fast 1200mV 0C Model Setup 'EA.S0'
Slack : 0.047
TNS   : 0.000

Type  : Fast 1200mV 0C Model Setup 'clk'
Slack : 0.109
TNS   : 0.000

Type  : Fast 1200mV 0C Model Hold 'clk'
Slack : -0.494
TNS   : -0.814

Type  : Fast 1200mV 0C Model Hold 'EA.S1'
Slack : -0.257
TNS   : -0.257

Type  : Fast 1200mV 0C Model Hold 'EA.S0'
Slack : -0.183
TNS   : -0.183

Type  : Fast 1200mV 0C Model Minimum Pulse Width 'clk'
Slack : -3.000
TNS   : -9.351

Type  : Fast 1200mV 0C Model Minimum Pulse Width 'EA.S1'
Slack : 0.406
TNS   : 0.000

Type  : Fast 1200mV 0C Model Minimum Pulse Width 'EA.S0'
Slack : 0.457
TNS   : 0.000

------------------------------------------------------------
