------------------------------------------------------------
TimeQuest Timing Analyzer Summary
------------------------------------------------------------

Type  : Slow 1200mV 85C Model Setup 'sad_bc:V2|EA.S0'
Slack : -1.528
TNS   : -1.528

Type  : Slow 1200mV 85C Model Setup 'CLOCK'
Slack : -0.193
TNS   : -0.238

Type  : Slow 1200mV 85C Model Hold 'CLOCK'
Slack : -0.187
TNS   : -0.229

Type  : Slow 1200mV 85C Model Hold 'sad_bc:V2|EA.S0'
Slack : 1.280
TNS   : 0.000

Type  : Slow 1200mV 85C Model Minimum Pulse Width 'CLOCK'
Slack : -3.000
TNS   : -8.140

Type  : Slow 1200mV 85C Model Minimum Pulse Width 'sad_bc:V2|EA.S0'
Slack : 0.419
TNS   : 0.000

Type  : Slow 1200mV 0C Model Setup 'sad_bc:V2|EA.S0'
Slack : -1.357
TNS   : -1.357

Type  : Slow 1200mV 0C Model Setup 'CLOCK'
Slack : -0.067
TNS   : -0.067

Type  : Slow 1200mV 0C Model Hold 'CLOCK'
Slack : -0.232
TNS   : -0.267

Type  : Slow 1200mV 0C Model Hold 'sad_bc:V2|EA.S0'
Slack : 1.231
TNS   : 0.000

Type  : Slow 1200mV 0C Model Minimum Pulse Width 'CLOCK'
Slack : -3.000
TNS   : -8.140

Type  : Slow 1200mV 0C Model Minimum Pulse Width 'sad_bc:V2|EA.S0'
Slack : 0.431
TNS   : 0.000

Type  : Fast 1200mV 0C Model Setup 'sad_bc:V2|EA.S0'
Slack : -0.239
TNS   : -0.239

Type  : Fast 1200mV 0C Model Setup 'CLOCK'
Slack : 0.143
TNS   : 0.000

Type  : Fast 1200mV 0C Model Hold 'CLOCK'
Slack : -0.130
TNS   : -0.184

Type  : Fast 1200mV 0C Model Hold 'sad_bc:V2|EA.S0'
Slack : 0.617
TNS   : 0.000

Type  : Fast 1200mV 0C Model Minimum Pulse Width 'CLOCK'
Slack : -3.000
TNS   : -7.231

Type  : Fast 1200mV 0C Model Minimum Pulse Width 'sad_bc:V2|EA.S0'
Slack : 0.460
TNS   : 0.000

------------------------------------------------------------
