Info: Start Nativelink Simulation process

========= EDA Simulation Settings =====================

Sim Mode              :  Gate
Family                :  cycloneiii
Quartus root          :  c:/altera/13.1/quartus/bin64/
Quartus sim root      :  c:/altera/13.1/quartus/eda/sim_lib
Simulation Tool       :  modelsim-altera
Simulation Language   :  vhdl
Version               :  93
Simulation Mode       :  GUI
Sim Output File       :  topo.vho
Sim SDF file          :  topo__vhdl.sdo
Sim dir               :  simulation\modelsim

=======================================================

Info: Starting NativeLink simulation with ModelSim-Altera software
Sourced NativeLink script c:/altera/13.1/quartus/common/tcl/internal/nativelink/modelsim.tcl
Warning: File topo_run_msim_gate_vhdl.do already exists - backing up current file as topo_run_msim_gate_vhdl.do.bak11
Probing transcript
ModelSim-Altera Info: # Reading C:/altera/13.1/modelsim_ase/tcl/vsim/pref.tcl 
ModelSim-Altera Info: # do topo_run_msim_gate_vhdl.do 
ModelSim-Altera Info: # if {[file exists gate_work]} {
ModelSim-Altera Info: # 	vdel -lib gate_work -all
ModelSim-Altera Info: # }
ModelSim-Altera Info: # vlib gate_work
ModelSim-Altera Info: # vmap work gate_work
ModelSim-Altera Info: # Copying C:\altera\13.1\modelsim_ase\win32aloem/../modelsim.ini to modelsim.ini
ModelSim-Altera Info: # Modifying modelsim.ini
ModelSim-Altera Warning: # ** Warning: Copied C:\altera\13.1\modelsim_ase\win32aloem/../modelsim.ini to modelsim.ini.
ModelSim-Altera Info: #          Updated modelsim.ini.
ModelSim-Altera Info: # 
ModelSim-Altera Info: # vcom -93 -work work {topo.vho}
ModelSim-Altera Info: # Model Technology ModelSim ALTERA vcom 10.1d Compiler 2012.11 Nov  2 2012
ModelSim-Altera Info: # -- Loading package STANDARD
ModelSim-Altera Info: # -- Loading package TEXTIO
ModelSim-Altera Info: # -- Loading package std_logic_1164
ModelSim-Altera Info: # -- Loading package VITAL_Timing
ModelSim-Altera Info: # -- Loading package VITAL_Primitives
ModelSim-Altera Info: # -- Loading package dffeas_pack
ModelSim-Altera Info: # -- Loading package altera_primitives_components
ModelSim-Altera Info: # -- Loading package cycloneiii_atom_pack
ModelSim-Altera Info: # -- Loading package cycloneiii_components
ModelSim-Altera Info: # -- Compiling entity sad
ModelSim-Altera Info: # -- Compiling architecture structure of sad
ModelSim-Altera Info: # 
ModelSim-Altera Info: vsim -do topo_run_msim_gate_vhdl.do -l msim_transcript -gui -sdftyp {/=C:/Users/lucas/Documents/Sistemas Digitais/GIT/INE5406Lucas/sad-v1/simulation/modelsim/topo_vhd.sdo} work.sad
ModelSim-Altera Info: # vsim -do topo_run_msim_gate_vhdl.do -l msim_transcript -gui -sdftyp {/=C:/Users/lucas/Documents/Sistemas Digitais/GIT/INE5406Lucas/sad-v1/simulation/modelsim/topo_vhd.sdo} work.sad 
ModelSim-Altera Info: # Loading std.standard
ModelSim-Altera Info: # Loading std.textio(body)
ModelSim-Altera Info: # Loading ieee.std_logic_1164(body)
ModelSim-Altera Info: # Loading ieee.vital_timing(body)
ModelSim-Altera Info: # Loading ieee.vital_primitives(body)
ModelSim-Altera Info: # Loading altera.dffeas_pack
ModelSim-Altera Info: # Loading altera.altera_primitives_components
ModelSim-Altera Info: # Loading cycloneiii.cycloneiii_atom_pack(body)
ModelSim-Altera Info: # Loading cycloneiii.cycloneiii_components
ModelSim-Altera Info: # Loading work.sad(structure)
ModelSim-Altera Info: # SDF 10.1d Compiler 2012.11 Nov  2 2012
ModelSim-Altera Info: # 
ModelSim-Altera Info: # usage: sdfcom [ options ] source-file output-file
ModelSim-Altera Info: # 
ModelSim-Altera Info: # Options:
ModelSim-Altera Info: # 
ModelSim-Altera Info: #   -mindelays          Use minimum timing from min:typ:max expressions
ModelSim-Altera Info: # 
ModelSim-Altera Info: #   -typdelays          Use typical timing from min:typ:max expressions (default)
ModelSim-Altera Info: # 
ModelSim-Altera Info: #   -maxdelays          Use maximum timing from min:typ:max expressions
ModelSim-Altera Info: # 
ModelSim-Altera Info: #   -delayscale <val>   Scale delays by the specified value
ModelSim-Altera Info: # 
ModelSim-Altera Info: #   -nocompress         Don't compress the resulting output file
ModelSim-Altera Info: # 
ModelSim-Altera Info: #   -suppress <msg(s)>  Suppress comma-separed list of error/warning messages
ModelSim-Altera Info: # 
ModelSim-Altera Info: # Loading ieee.std_logic_arith(body)
ModelSim-Altera Info: # Loading cycloneiii.cycloneiii_io_obuf(arch)
ModelSim-Altera Info: # Loading cycloneiii.cycloneiii_io_ibuf(arch)
ModelSim-Altera Info: # Loading cycloneiii.cycloneiii_clkctrl(vital_clkctrl)
ModelSim-Altera Info: # Loading cycloneiii.cycloneiii_ena_reg(behave)
ModelSim-Altera Info: # Loading cycloneiii.cycloneiii_lcell_comb(vital_lcell_comb)
ModelSim-Altera Info: # Loading altera.dffeas(vital_dffeas)
ModelSim-Altera Info: # Loading instances from C:/Users/lucas/Documents/Sistemas Digitais/GIT/INE5406Lucas/sad-v1/simulation/modelsim/topo_vhd.sdo
ModelSim-Altera Info: # Loading timing data from C:/Users/lucas/Documents/Sistemas Digitais/GIT/INE5406Lucas/sad-v1/simulation/modelsim/topo_vhd.sdo
ModelSim-Altera Warning: # ** Warning: Design size of 2 instances exceeds ModelSim ALTERA recommended capacity.
ModelSim-Altera Info: # This may because you are loading cell libraries which are not recommended with
ModelSim-Altera Info: # the ModelSim Altera version. Expect performance to be adversely affected.
ModelSim-Altera Info: # ** Note: (vsim-3587) SDF Backannotation Successfully Completed.
ModelSim-Altera Info: #    Time: 0 ps  Iteration: 0  Instance: /sad File: topo.vho
ModelSim-Altera Info: # do topo_run_msim_gate_vhdl.do 
ModelSim-Altera Info: # if {[file exists gate_work]} {
ModelSim-Altera Info: # 	vdel -lib gate_work -all
ModelSim-Altera Info: # }
ModelSim-Altera Info: # vlib gate_work
ModelSim-Altera Info: # vmap work gate_work
ModelSim-Altera Info: # Modifying modelsim.ini
ModelSim-Altera Info: # 
ModelSim-Altera Info: # vcom -93 -work work {topo.vho}
ModelSim-Altera Info: # Model Technology ModelSim ALTERA vcom 10.1d Compiler 2012.11 Nov  2 2012
ModelSim-Altera Info: # -- Loading package STANDARD
ModelSim-Altera Info: # -- Loading package TEXTIO
ModelSim-Altera Info: # -- Loading package std_logic_1164
ModelSim-Altera Info: # -- Loading package VITAL_Timing
ModelSim-Altera Info: # -- Loading package VITAL_Primitives
ModelSim-Altera Info: # -- Loading package dffeas_pack
ModelSim-Altera Info: # -- Loading package altera_primitives_components
ModelSim-Altera Info: # -- Loading package cycloneiii_atom_pack
ModelSim-Altera Info: # -- Loading package cycloneiii_components
ModelSim-Altera Info: # -- Compiling entity sad
ModelSim-Altera Info: # -- Compiling architecture structure of sad
ModelSim-Altera Info: # 
ModelSim-Altera Info: add wave  \
ModelSim-Altera Info: sim:/sad/CLOCK \
ModelSim-Altera Info: sim:/sad/iniciar \
ModelSim-Altera Info: sim:/sad/reset \
ModelSim-Altera Info: sim:/sad/sample_ori \
ModelSim-Altera Info: sim:/sad/sample_can \
ModelSim-Altera Info: sim:/sad/SAD_saida \
ModelSim-Altera Info: sim:/sad/end_sad \
ModelSim-Altera Info: sim:/sad/read_sad \
ModelSim-Altera Info: sim:/sad/pronto
ModelSim-Altera Info: do {C:/Users/lucas/Documents/Sistemas Digitais/GIT/INE5406Lucas/sad-v1/estimulos.do}
ModelSim-Altera Info: run -all
ModelSim-Altera Info: # WARNING: No extended dataflow license exists
Info: NativeLink simulation flow was successful
